../Core/Src/main.c:82:6:HAL_CAN_RxFifo0MsgPendingCallback	16	static
../Core/Src/main.c:179:5:main	8	static
../Core/Src/main.c:229:6:SystemClock_Config	72	static
../Core/Src/main.c:269:13:MX_CAN_Init	48	static
../Core/Src/main.c:320:13:MX_GPIO_Init	40	static
../Core/Src/main.c:365:6:send_ack	8	static
../Core/Src/main.c:383:6:activar	24	static
../Core/Src/main.c:399:6:desactivar	24	static
../Core/Src/main.c:415:6:init_can_id	8	static
../Core/Src/main.c:433:6:Error_Handler	4	static,ignoring_inline_asm
