../Core/Src/main.c:82:6:HAL_CAN_RxFifo0MsgPendingCallback	16	static
../Core/Src/main.c:184:6:HAL_GPIO_EXTI_Callback	24	static
../Core/Src/main.c:206:5:main	8	static
../Core/Src/main.c:258:6:SystemClock_Config	88	static
../Core/Src/main.c:305:13:MX_ADC1_Init	24	static
../Core/Src/main.c:352:13:MX_CAN_Init	48	static
../Core/Src/main.c:403:13:MX_GPIO_Init	40	static
../Core/Src/main.c:467:6:activar	24	static
../Core/Src/main.c:483:6:desactivar	24	static
../Core/Src/main.c:499:6:led_status	24	static
../Core/Src/main.c:513:7:average	40	static
../Core/Src/main.c:535:7:fmap	32	static
../Core/Src/main.c:543:6:init_can_id	8	static
../Core/Src/main.c:561:6:Error_Handler	4	static,ignoring_inline_asm
